// Jest Snapshot v1, https://goo.gl/fbAQLP

exports[`Icon should render as expected 1`] = `
<Text
  allowFontScaling={false}
  style={
    Array [
      Object {
        "color": undefined,
        "fontSize": 12,
      },
      undefined,
      Object {
        "fontFamily": "Material Design Icons",
        "fontStyle": "normal",
        "fontWeight": "normal",
      },
      Object {},
    ]
  }
>
  ?
</Text>
`;
